2026-08-02 18:29:29 [INFO] Loaded DM: 20 rows, 19 cols.
2026-08-02 18:29:29 [INFO] Loaded VS: 720 rows, 15 cols.
2026-08-02 18:29:29 [INFO] Loaded AE: 37 rows, 13 cols.
2026-08-02 18:29:29 [INFO] Loaded CM: 24 rows, 13 cols.
2026-08-02 18:29:29 [INFO] Loaded EX: 20 rows, 11 cols.
2026-08-02 18:29:29 [INFO] Loaded LB: 20 rows, 14 cols.
2026-08-02 18:29:29 [INFO] Loaded DS: 20 rows, 8 cols.
2026-08-02 18:29:29 [INFO] Loaded EG: 20 rows, 9 cols.
2026-08-02 18:29:29 [INFO] Loaded QS: 14 rows, 14 cols.
2026-08-02 18:29:29 [INFO] Loaded RS: 12 rows, 12 cols.
2026-08-02 18:29:29 [INFO] Loaded PR: 10 rows, 8 cols.
2026-08-02 18:29:29 [INFO] Running DM validation...
2026-08-02 18:29:29 [INFO] Running VS validation...
2026-08-02 18:29:29 [INFO] Running AE validation...
2026-08-02 18:29:29 [INFO] Running CM validation...
2026-08-02 18:29:29 [INFO] Running EX validation...
2026-08-02 18:29:29 [INFO] Running LB validation...
2026-08-02 18:29:29 [INFO] Running DS validation...
2026-08-02 18:29:29 [INFO] Running EG validation...
2026-08-02 18:29:29 [INFO] Running QS validation...
2026-08-02 18:29:29 [INFO] Running RS validation...
2026-08-02 18:29:29 [INFO] Running PR validation...
2026-08-02 18:29:29 [INFO] Running DM ↔ VS link check...
2026-08-02 18:29:29 [INFO] Running DM ↔ AE link check...
2026-08-02 18:29:29 [INFO] Running DM ↔ CM link check...
2026-08-02 18:29:29 [INFO] Running DM ↔ EX link check...
2026-08-02 18:29:29 [INFO] Running DM ↔ LB link check...
2026-08-02 18:29:29 [INFO] Running DM ↔ DS link check...
2026-08-02 18:29:29 [INFO] Running DM ↔ EG link check...
2026-08-02 18:29:29 [INFO] Running DM ↔ QS link check...
2026-08-02 18:29:29 [INFO] Running DM ↔ RS link check...
2026-08-02 18:29:29 [INFO] Running DM ↔ PR link check...
2026-08-02 18:29:29 [INFO] Running IRT (EX/DM/DS) consistency checks...
2026-08-02 18:29:29 [INFO] Running VS ↔ AE cross-domain checks...
2026-08-02 18:29:29 [INFO] Running VS ↔ CM cross-domain checks...
2026-08-02 18:29:29 [INFO] Running anomaly detection across DM/VS/EX/LB/EG/QS/PR...
2026-08-02 18:29:29 [INFO] SDTM validation complete — 163 findings → ..\output\findings_2026-08-02_18-29-29.csv
2026-08-02 18:30:47 [INFO] Loaded DM: 20 rows, 19 cols.
2026-08-02 18:30:47 [INFO] Loaded VS: 720 rows, 15 cols.
2026-08-02 18:30:47 [INFO] Loaded AE: 37 rows, 13 cols.
2026-08-02 18:30:47 [INFO] Loaded CM: 24 rows, 13 cols.
2026-08-02 18:30:47 [INFO] Loaded EX: 20 rows, 11 cols.
2026-08-02 18:30:47 [INFO] Loaded LB: 20 rows, 14 cols.
2026-08-02 18:30:47 [INFO] Loaded DS: 20 rows, 8 cols.
2026-08-02 18:30:47 [INFO] Loaded EG: 20 rows, 9 cols.
2026-08-02 18:30:47 [INFO] Loaded QS: 14 rows, 14 cols.
2026-08-02 18:30:47 [INFO] Loaded RS: 12 rows, 12 cols.
2026-08-02 18:30:47 [INFO] Loaded PR: 10 rows, 8 cols.
2026-08-02 18:30:47 [INFO] Running DM validation...
2026-08-02 18:30:48 [INFO] Running VS validation...
2026-08-02 18:30:48 [INFO] Running AE validation...
2026-08-02 18:30:48 [INFO] Running CM validation...
2026-08-02 18:30:48 [INFO] Running EX validation...
2026-08-02 18:30:48 [INFO] Running LB validation...
2026-08-02 18:30:48 [INFO] Running DS validation...
2026-08-02 18:30:48 [INFO] Running EG validation...
2026-08-02 18:30:48 [INFO] Running QS validation...
2026-08-02 18:30:48 [INFO] Running RS validation...
2026-08-02 18:30:48 [INFO] Running PR validation...
2026-08-02 18:30:48 [INFO] Running DM ↔ VS link check...
2026-08-02 18:30:48 [INFO] Running DM ↔ AE link check...
2026-08-02 18:30:48 [INFO] Running DM ↔ CM link check...
2026-08-02 18:30:48 [INFO] Running DM ↔ EX link check...
2026-08-02 18:30:48 [INFO] Running DM ↔ LB link check...
2026-08-02 18:30:48 [INFO] Running DM ↔ DS link check...
2026-08-02 18:30:48 [INFO] Running DM ↔ EG link check...
2026-08-02 18:30:48 [INFO] Running DM ↔ QS link check...
2026-08-02 18:30:48 [INFO] Running DM ↔ RS link check...
2026-08-02 18:30:48 [INFO] Running DM ↔ PR link check...
2026-08-02 18:30:48 [INFO] Running IRT (EX/DM/DS) consistency checks...
2026-08-02 18:30:48 [INFO] Running VS ↔ AE cross-domain checks...
2026-08-02 18:30:48 [INFO] Running VS ↔ CM cross-domain checks...
2026-08-02 18:30:48 [INFO] Running anomaly detection across DM/VS/EX/LB/EG/QS/PR...
2026-08-02 18:30:48 [INFO] SDTM validation complete — 163 findings → ..\output\findings_2026-08-02_18-30-48.csv
